[2025-07-23T14:57:01.029+0000][0.039s] Using G1
[2025-07-23T14:57:01.069+0000][0.079s] Version: 17.0.2+8-86 (release)
[2025-07-23T14:57:01.069+0000][0.079s] CPUs: 8 total, 8 available
[2025-07-23T14:57:01.070+0000][0.079s] Memory: 31990M
[2025-07-23T14:57:01.070+0000][0.079s] Large Page Support: Disabled
[2025-07-23T14:57:01.070+0000][0.079s] NUMA Support: Disabled
[2025-07-23T14:57:01.070+0000][0.079s] Compressed Oops: Enabled (32-bit)
[2025-07-23T14:57:01.070+0000][0.079s] Heap Region Size: 1M
[2025-07-23T14:57:01.070+0000][0.079s] Heap Min Capacity: 8M
[2025-07-23T14:57:01.070+0000][0.080s] Heap Initial Capacity: 500M
[2025-07-23T14:57:01.070+0000][0.080s] Heap Max Capacity: 2G
[2025-07-23T14:57:01.070+0000][0.080s] Pre-touch: Disabled
[2025-07-23T14:57:01.070+0000][0.080s] Parallel Workers: 8
[2025-07-23T14:57:01.070+0000][0.080s] Concurrent Workers: 2
[2025-07-23T14:57:01.070+0000][0.080s] Concurrent Refinement Workers: 8
[2025-07-23T14:57:01.071+0000][0.080s] Periodic GC: Disabled
[2025-07-23T14:57:01.072+0000][0.082s] CDS archive(s) mapped at: [0x0000000800000000-0x0000000800bde000-0x0000000800bde000), size 12443648, SharedBaseAddress: 0x0000000800000000, ArchiveRelocationMode: 0.
[2025-07-23T14:57:01.072+0000][0.082s] Compressed class space mapped at: 0x0000000800c00000-0x0000000840c00000, reserved size: 1073741824
[2025-07-23T14:57:01.072+0000][0.082s] Narrow klass base: 0x0000000800000000, Narrow klass shift: 0, Narrow klass range: 0x100000000
[2025-07-23T14:57:03.245+0000][2.254s] GC(0) Pause Young (Normal) (G1 Evacuation Pause)
[2025-07-23T14:57:03.249+0000][2.258s] GC(0) Using 8 workers of 8 for evacuation
[2025-07-23T14:57:03.260+0000][2.270s] GC(0)   Pre Evacuate Collection Set: 0.4ms
[2025-07-23T14:57:03.260+0000][2.270s] GC(0)   Merge Heap Roots: 0.2ms
[2025-07-23T14:57:03.260+0000][2.270s] GC(0)   Evacuate Collection Set: 9.4ms
[2025-07-23T14:57:03.260+0000][2.270s] GC(0)   Post Evacuate Collection Set: 1.3ms
[2025-07-23T14:57:03.261+0000][2.270s] GC(0)   Other: 4.5ms
[2025-07-23T14:57:03.261+0000][2.270s] GC(0) Eden regions: 25->0(24)
[2025-07-23T14:57:03.261+0000][2.270s] GC(0) Survivor regions: 0->4(4)
[2025-07-23T14:57:03.261+0000][2.270s] GC(0) Old regions: 0->7
[2025-07-23T14:57:03.261+0000][2.270s] GC(0) Archive regions: 2->2
[2025-07-23T14:57:03.261+0000][2.270s] GC(0) Humongous regions: 34->34
[2025-07-23T14:57:03.261+0000][2.270s] GC(0) Metaspace: 2695K(2816K)->2695K(2816K) NonClass: 2434K(2496K)->2434K(2496K) Class: 260K(320K)->260K(320K)
[2025-07-23T14:57:03.261+0000][2.270s] GC(0) Pause Young (Normal) (G1 Evacuation Pause) 59M->45M(502M) 16.296ms
[2025-07-23T14:57:03.261+0000][2.271s] GC(0) User=0.04s Sys=0.04s Real=0.02s
[2025-07-23T14:57:03.419+0000][2.428s] GC(1) Pause Young (Normal) (G1 Evacuation Pause)
[2025-07-23T14:57:03.419+0000][2.429s] GC(1) Using 8 workers of 8 for evacuation
[2025-07-23T14:57:03.435+0000][2.445s] GC(1)   Pre Evacuate Collection Set: 0.6ms
[2025-07-23T14:57:03.435+0000][2.445s] GC(1)   Merge Heap Roots: 0.2ms
[2025-07-23T14:57:03.436+0000][2.445s] GC(1)   Evacuate Collection Set: 14.0ms
[2025-07-23T14:57:03.436+0000][2.445s] GC(1)   Post Evacuate Collection Set: 1.1ms
[2025-07-23T14:57:03.436+0000][2.445s] GC(1)   Other: 0.5ms
[2025-07-23T14:57:03.436+0000][2.445s] GC(1) Eden regions: 24->0(54)
[2025-07-23T14:57:03.436+0000][2.445s] GC(1) Survivor regions: 4->1(4)
[2025-07-23T14:57:03.436+0000][2.446s] GC(1) Old regions: 7->11
[2025-07-23T14:57:03.436+0000][2.446s] GC(1) Archive regions: 2->2
[2025-07-23T14:57:03.436+0000][2.446s] GC(1) Humongous regions: 34->34
[2025-07-23T14:57:03.436+0000][2.446s] GC(1) Metaspace: 2706K(2816K)->2706K(2816K) NonClass: 2445K(2496K)->2445K(2496K) Class: 260K(320K)->260K(320K)
[2025-07-23T14:57:03.436+0000][2.446s] GC(1) Pause Young (Normal) (G1 Evacuation Pause) 69M->45M(502M) 17.410ms
[2025-07-23T14:57:03.436+0000][2.446s] GC(1) User=0.07s Sys=0.01s Real=0.01s
[2025-07-23T14:57:06.455+0000][5.464s] GC(2) Pause Young (Normal) (G1 Evacuation Pause)
[2025-07-23T14:57:06.455+0000][5.464s] GC(2) Using 8 workers of 8 for evacuation
[2025-07-23T14:57:06.468+0000][5.477s] GC(2)   Pre Evacuate Collection Set: 0.4ms
[2025-07-23T14:57:06.468+0000][5.477s] GC(2)   Merge Heap Roots: 0.2ms
[2025-07-23T14:57:06.468+0000][5.477s] GC(2)   Evacuate Collection Set: 10.3ms
[2025-07-23T14:57:06.468+0000][5.477s] GC(2)   Post Evacuate Collection Set: 1.4ms
[2025-07-23T14:57:06.468+0000][5.477s] GC(2)   Other: 0.5ms
[2025-07-23T14:57:06.468+0000][5.477s] GC(2) Eden regions: 54->0(297)
[2025-07-23T14:57:06.468+0000][5.478s] GC(2) Survivor regions: 1->3(7)
[2025-07-23T14:57:06.468+0000][5.478s] GC(2) Old regions: 11->11
[2025-07-23T14:57:06.468+0000][5.478s] GC(2) Archive regions: 2->2
[2025-07-23T14:57:06.468+0000][5.478s] GC(2) Humongous regions: 34->34
[2025-07-23T14:57:06.468+0000][5.478s] GC(2) Metaspace: 10885K(11072K)->10885K(11072K) NonClass: 9431K(9536K)->9431K(9536K) Class: 1454K(1536K)->1454K(1536K)
[2025-07-23T14:57:06.468+0000][5.478s] GC(2) Pause Young (Normal) (G1 Evacuation Pause) 99M->47M(502M) 13.507ms
[2025-07-23T14:57:06.468+0000][5.478s] GC(2) User=0.07s Sys=0.01s Real=0.01s
[2025-07-23T14:57:10.199+0000][9.209s] GC(3) Pause Young (Concurrent Start) (Metadata GC Threshold)
[2025-07-23T14:57:10.199+0000][9.209s] GC(3) Using 8 workers of 8 for evacuation
[2025-07-23T14:57:10.248+0000][9.257s] GC(3)   Pre Evacuate Collection Set: 0.8ms
[2025-07-23T14:57:10.248+0000][9.257s] GC(3)   Merge Heap Roots: 0.4ms
[2025-07-23T14:57:10.248+0000][9.258s] GC(3)   Evacuate Collection Set: 43.1ms
[2025-07-23T14:57:10.248+0000][9.258s] GC(3)   Post Evacuate Collection Set: 3.1ms
[2025-07-23T14:57:10.248+0000][9.258s] GC(3)   Other: 1.2ms
[2025-07-23T14:57:10.248+0000][9.258s] GC(3) Eden regions: 80->0(190)
[2025-07-23T14:57:10.248+0000][9.258s] GC(3) Survivor regions: 3->4(38)
[2025-07-23T14:57:10.248+0000][9.258s] GC(3) Old regions: 11->11
[2025-07-23T14:57:10.249+0000][9.258s] GC(3) Archive regions: 2->2
[2025-07-23T14:57:10.249+0000][9.258s] GC(3) Humongous regions: 49->34
[2025-07-23T14:57:10.249+0000][9.258s] GC(3) Metaspace: 21345K(21504K)->21345K(21504K) NonClass: 19005K(19072K)->19005K(19072K) Class: 2340K(2432K)->2340K(2432K)
[2025-07-23T14:57:10.249+0000][9.258s] GC(3) Pause Young (Concurrent Start) (Metadata GC Threshold) 142M->49M(502M) 49.600ms
[2025-07-23T14:57:10.249+0000][9.258s] GC(3) User=0.07s Sys=0.02s Real=0.05s
[2025-07-23T14:57:10.249+0000][9.259s] GC(4) Concurrent Mark Cycle
[2025-07-23T14:57:10.249+0000][9.259s] GC(4) Concurrent Clear Claimed Marks
[2025-07-23T14:57:10.249+0000][9.259s] GC(4) Concurrent Clear Claimed Marks 0.100ms
[2025-07-23T14:57:10.249+0000][9.259s] GC(4) Concurrent Scan Root Regions
[2025-07-23T14:57:10.268+0000][9.278s] GC(4) Concurrent Scan Root Regions 18.552ms
[2025-07-23T14:57:10.268+0000][9.278s] GC(4) Concurrent Mark
[2025-07-23T14:57:10.268+0000][9.278s] GC(4) Concurrent Mark From Roots
[2025-07-23T14:57:10.269+0000][9.278s] GC(4) Using 2 workers of 2 for marking
[2025-07-23T14:57:10.289+0000][9.299s] GC(4) Concurrent Mark From Roots 20.779ms
[2025-07-23T14:57:10.289+0000][9.299s] GC(4) Concurrent Preclean
[2025-07-23T14:57:10.290+0000][9.300s] GC(4) Concurrent Preclean 0.863ms
[2025-07-23T14:57:10.294+0000][9.304s] GC(4) Pause Remark
[2025-07-23T14:57:10.318+0000][9.327s] GC(4) Pause Remark 50M->50M(174M) 23.602ms
[2025-07-23T14:57:10.318+0000][9.328s] GC(4) User=0.03s Sys=0.01s Real=0.02s
[2025-07-23T14:57:10.321+0000][9.331s] GC(4) Concurrent Mark 52.691ms
[2025-07-23T14:57:10.321+0000][9.331s] GC(4) Concurrent Rebuild Remembered Sets
[2025-07-23T14:57:10.327+0000][9.337s] GC(4) Concurrent Rebuild Remembered Sets 6.064ms
[2025-07-23T14:57:10.335+0000][9.345s] GC(4) Pause Cleanup
[2025-07-23T14:57:10.336+0000][9.346s] GC(4) Pause Cleanup 50M->50M(174M) 0.875ms
[2025-07-23T14:57:10.336+0000][9.346s] GC(4) User=0.00s Sys=0.00s Real=0.00s
[2025-07-23T14:57:10.337+0000][9.346s] GC(4) Concurrent Cleanup for Next Mark
[2025-07-23T14:57:10.343+0000][9.353s] GC(4) Concurrent Cleanup for Next Mark 6.751ms
[2025-07-23T14:57:10.344+0000][9.353s] GC(4) Concurrent Mark Cycle 94.486ms
[2025-07-23T14:57:12.160+0000][11.169s] GC(5) Pause Young (Concurrent Start) (G1 Humongous Allocation)
[2025-07-23T14:57:12.160+0000][11.169s] GC(5) Using 6 workers of 8 for evacuation
[2025-07-23T14:57:12.198+0000][11.207s] GC(5)   Pre Evacuate Collection Set: 0.5ms
[2025-07-23T14:57:12.198+0000][11.207s] GC(5)   Merge Heap Roots: 0.3ms
[2025-07-23T14:57:12.198+0000][11.207s] GC(5)   Evacuate Collection Set: 35.2ms
[2025-07-23T14:57:12.198+0000][11.207s] GC(5)   Post Evacuate Collection Set: 1.5ms
[2025-07-23T14:57:12.198+0000][11.208s] GC(5)   Other: 0.9ms
[2025-07-23T14:57:12.198+0000][11.208s] GC(5) Eden regions: 72->0(66)
[2025-07-23T14:57:12.198+0000][11.208s] GC(5) Survivor regions: 4->5(13)
[2025-07-23T14:57:12.198+0000][11.208s] GC(5) Old regions: 11->11
[2025-07-23T14:57:12.198+0000][11.208s] GC(5) Archive regions: 2->2
[2025-07-23T14:57:12.198+0000][11.208s] GC(5) Humongous regions: 65->57
[2025-07-23T14:57:12.198+0000][11.208s] GC(5) Metaspace: 28754K(28992K)->28754K(28992K) NonClass: 26020K(26112K)->26020K(26112K) Class: 2734K(2880K)->2734K(2880K)
[2025-07-23T14:57:12.199+0000][11.208s] GC(5) Pause Young (Concurrent Start) (G1 Humongous Allocation) 152M->72M(174M) 39.052ms
[2025-07-23T14:57:12.199+0000][11.208s] GC(5) User=0.09s Sys=0.02s Real=0.03s
[2025-07-23T14:57:12.199+0000][11.208s] GC(6) Concurrent Undo Cycle
[2025-07-23T14:57:12.199+0000][11.209s] GC(6) Concurrent Cleanup for Next Mark
[2025-07-23T14:57:12.202+0000][11.211s] GC(6) Concurrent Cleanup for Next Mark 2.561ms
[2025-07-23T14:57:12.202+0000][11.211s] GC(6) Concurrent Undo Cycle 2.814ms
[2025-07-23T14:57:12.391+0000][11.401s] GC(7) Pause Young (Concurrent Start) (G1 Humongous Allocation)
[2025-07-23T14:57:12.392+0000][11.401s] GC(7) Using 5 workers of 8 for evacuation
[2025-07-23T14:57:12.419+0000][11.428s] GC(7)   Pre Evacuate Collection Set: 0.5ms
[2025-07-23T14:57:12.419+0000][11.429s] GC(7)   Merge Heap Roots: 0.2ms
[2025-07-23T14:57:12.419+0000][11.429s] GC(7)   Evacuate Collection Set: 23.8ms
[2025-07-23T14:57:12.419+0000][11.429s] GC(7)   Post Evacuate Collection Set: 2.5ms
[2025-07-23T14:57:12.419+0000][11.429s] GC(7)   Other: 0.5ms
[2025-07-23T14:57:12.419+0000][11.429s] GC(7) Eden regions: 26->0(69)
[2025-07-23T14:57:12.419+0000][11.429s] GC(7) Survivor regions: 5->5(9)
[2025-07-23T14:57:12.420+0000][11.429s] GC(7) Old regions: 11->11
[2025-07-23T14:57:12.420+0000][11.429s] GC(7) Archive regions: 2->2
[2025-07-23T14:57:12.420+0000][11.429s] GC(7) Humongous regions: 65->57
[2025-07-23T14:57:12.420+0000][11.429s] GC(7) Metaspace: 28754K(28992K)->28754K(28992K) NonClass: 26020K(26112K)->26020K(26112K) Class: 2734K(2880K)->2734K(2880K)
[2025-07-23T14:57:12.420+0000][11.429s] GC(7) Pause Young (Concurrent Start) (G1 Humongous Allocation) 106M->72M(174M) 28.314ms
[2025-07-23T14:57:12.420+0000][11.429s] GC(7) User=0.07s Sys=0.01s Real=0.03s
[2025-07-23T14:57:12.424+0000][11.433s] GC(8) Concurrent Undo Cycle
[2025-07-23T14:57:12.424+0000][11.434s] GC(8) Concurrent Cleanup for Next Mark
[2025-07-23T14:57:12.427+0000][11.436s] GC(8) Concurrent Cleanup for Next Mark 2.718ms
[2025-07-23T14:57:12.427+0000][11.436s] GC(8) Concurrent Undo Cycle 3.027ms
[2025-07-23T14:57:12.527+0000][11.536s] GC(9) Pause Young (Concurrent Start) (G1 Humongous Allocation)
[2025-07-23T14:57:12.527+0000][11.536s] GC(9) Using 4 workers of 8 for evacuation
[2025-07-23T14:57:12.581+0000][11.591s] GC(9)   Pre Evacuate Collection Set: 7.2ms
[2025-07-23T14:57:12.581+0000][11.591s] GC(9)   Merge Heap Roots: 2.8ms
[2025-07-23T14:57:12.581+0000][11.591s] GC(9)   Evacuate Collection Set: 37.5ms
[2025-07-23T14:57:12.581+0000][11.591s] GC(9)   Post Evacuate Collection Set: 6.7ms
[2025-07-23T14:57:12.582+0000][11.591s] GC(9)   Other: 0.6ms
[2025-07-23T14:57:12.582+0000][11.591s] GC(9) Eden regions: 1->0(151)
[2025-07-23T14:57:12.582+0000][11.591s] GC(9) Survivor regions: 5->5(10)
[2025-07-23T14:57:12.582+0000][11.591s] GC(9) Old regions: 11->11
[2025-07-23T14:57:12.582+0000][11.591s] GC(9) Archive regions: 2->2
[2025-07-23T14:57:12.582+0000][11.591s] GC(9) Humongous regions: 65->65
[2025-07-23T14:57:12.582+0000][11.591s] GC(9) Metaspace: 28865K(29120K)->28865K(29120K) NonClass: 26119K(26240K)->26119K(26240K) Class: 2746K(2880K)->2746K(2880K)
[2025-07-23T14:57:12.583+0000][11.592s] GC(9) Pause Young (Concurrent Start) (G1 Humongous Allocation) 81M->80M(299M) 56.045ms
[2025-07-23T14:57:12.583+0000][11.592s] GC(9) User=0.10s Sys=0.00s Real=0.06s
[2025-07-23T14:57:12.583+0000][11.592s] GC(10) Concurrent Undo Cycle
[2025-07-23T14:57:12.583+0000][11.593s] GC(10) Concurrent Cleanup for Next Mark
[2025-07-23T14:57:12.591+0000][11.600s] GC(10) Concurrent Cleanup for Next Mark 7.603ms
[2025-07-23T14:57:12.591+0000][11.600s] GC(10) Concurrent Undo Cycle 8.012ms
[2025-07-23T14:57:13.576+0000][12.585s] GC(11) Pause Young (Concurrent Start) (G1 Humongous Allocation)
[2025-07-23T14:57:13.576+0000][12.585s] GC(11) Using 7 workers of 8 for evacuation
[2025-07-23T14:57:13.594+0000][12.603s] GC(11)   Pre Evacuate Collection Set: 0.4ms
[2025-07-23T14:57:13.594+0000][12.604s] GC(11)   Merge Heap Roots: 0.2ms
[2025-07-23T14:57:13.594+0000][12.604s] GC(11)   Evacuate Collection Set: 15.6ms
[2025-07-23T14:57:13.594+0000][12.604s] GC(11)   Post Evacuate Collection Set: 1.4ms
[2025-07-23T14:57:13.594+0000][12.604s] GC(11)   Other: 0.6ms
[2025-07-23T14:57:13.594+0000][12.604s] GC(11) Eden regions: 102->0(153)
[2025-07-23T14:57:13.594+0000][12.604s] GC(11) Survivor regions: 5->6(20)
[2025-07-23T14:57:13.594+0000][12.604s] GC(11) Old regions: 11->11
[2025-07-23T14:57:13.594+0000][12.604s] GC(11) Archive regions: 2->2
[2025-07-23T14:57:13.594+0000][12.604s] GC(11) Humongous regions: 111->79
[2025-07-23T14:57:13.595+0000][12.604s] GC(11) Metaspace: 28914K(29184K)->28914K(29184K) NonClass: 26164K(26304K)->26164K(26304K) Class: 2749K(2880K)->2749K(2880K)
[2025-07-23T14:57:13.595+0000][12.604s] GC(11) Pause Young (Concurrent Start) (G1 Humongous Allocation) 228M->95M(299M) 18.975ms
[2025-07-23T14:57:13.595+0000][12.604s] GC(11) User=0.05s Sys=0.01s Real=0.02s
[2025-07-23T14:57:13.595+0000][12.604s] GC(12) Concurrent Undo Cycle
[2025-07-23T14:57:13.595+0000][12.604s] GC(12) Concurrent Cleanup for Next Mark
[2025-07-23T14:57:13.596+0000][12.605s] GC(12) Concurrent Cleanup for Next Mark 0.915ms
[2025-07-23T14:57:13.596+0000][12.605s] GC(12) Concurrent Undo Cycle 1.218ms
